111111111111
222222222222
-222222222222
222222222222
24691358024641975308642
2
0
333333333333
111111111111
75635360134
257697973199
182062613065
